interactions:
- request:
    body: '{"parent": {"page_id": "95ba011667764c199e4554e77415f03b"}, "properties":
      {"title": [{"text": {"content": "Test 2023-12-25 22:50:29.562047"}}]}, "children":
      [], "icon": null, "cover": null}'
    headers:
      accept:
      - '*/*'
      accept-encoding:
      - gzip, deflate
      authorization:
      - secret_...
      connection:
      - keep-alive
      content-length:
      - '189'
      content-type:
      - application/json
      host:
      - api.notion.com
      notion-version:
      - '2022-06-28'
    method: POST
    uri: https://api.notion.com/v1/pages
  response:
    content: '{"object":"page","id":"6421d0c8-9e28-49cc-97e0-3cd70e04681a","created_time":"2023-12-25T21:50:00.000Z","last_edited_time":"2023-12-25T21:50:00.000Z","created_by":{"object":"user","id":"7775f3a3-893f-43fa-b625-460c61094c78"},"last_edited_by":{"object":"user","id":"7775f3a3-893f-43fa-b625-460c61094c78"},"cover":null,"icon":null,"parent":{"type":"page_id","page_id":"95ba0116-6776-4c19-9e45-54e77415f03b"},"archived":false,"properties":{"title":{"id":"title","type":"title","title":[{"type":"text","text":{"content":"Test
      2023-12-25 22:50:29.562047","link":null},"annotations":{"bold":false,"italic":false,"strikethrough":false,"underline":false,"code":false,"color":"default"},"plain_text":"Test
      2023-12-25 22:50:29.562047","href":null}]}},"url":"https://www.notion.so/Test-2023-12-25-22-50-29-562047-6421d0c89e2849cc97e03cd70e04681a","public_url":null,"request_id":"0f4275c0-657d-4ad1-9113-9731506512b2"}'
    headers: {}
    http_version: HTTP/1.1
    status_code: 200
- request:
    body: ''
    headers:
      accept:
      - '*/*'
      accept-encoding:
      - gzip, deflate
      authorization:
      - secret_...
      connection:
      - keep-alive
      host:
      - api.notion.com
      notion-version:
      - '2022-06-28'
    method: GET
    uri: https://api.notion.com/v1/blocks/6421d0c8-9e28-49cc-97e0-3cd70e04681a/children
  response:
    content: '{"object":"list","results":[],"next_cursor":null,"has_more":false,"type":"block","block":{},"request_id":"b8074eab-d2d8-42bd-8856-92b6c325f866"}'
    headers: {}
    http_version: HTTP/1.1
    status_code: 200
- request:
    body: ''
    headers:
      accept:
      - '*/*'
      accept-encoding:
      - gzip, deflate
      authorization:
      - secret_...
      connection:
      - keep-alive
      host:
      - api.notion.com
      notion-version:
      - '2022-06-28'
    method: DELETE
    uri: https://api.notion.com/v1/blocks/6421d0c8-9e28-49cc-97e0-3cd70e04681a
  response:
    content: '{"object":"block","id":"6421d0c8-9e28-49cc-97e0-3cd70e04681a","parent":{"type":"page_id","page_id":"95ba0116-6776-4c19-9e45-54e77415f03b"},"created_time":"2023-12-25T21:50:00.000Z","last_edited_time":"2023-12-25T21:50:00.000Z","created_by":{"object":"user","id":"7775f3a3-893f-43fa-b625-460c61094c78"},"last_edited_by":{"object":"user","id":"7775f3a3-893f-43fa-b625-460c61094c78"},"has_children":false,"archived":true,"type":"child_page","child_page":{"title":"Test
      2023-12-25 22:50:29.562047"},"request_id":"9487f3c2-2194-4e24-a1f0-fc20c67b5a48"}'
    headers: {}
    http_version: HTTP/1.1
    status_code: 200
version: 1
